{
    "sarscov2 - bam - stub": {
        "content": [
            [
                
            ],
            null
        ],
        "meta": {
            "nf-test": "0.9.2",
            "nextflow": "24.10.2"
        },
        "timestamp": "2025-05-29T13:16:46.808467544"
    },
    "sarscov2 - bam": {
        "content": [
            [
                
            ],
            null
        ],
        "meta": {
            "nf-test": "0.9.2",
            "nextflow": "24.10.2"
        },
        "timestamp": "2025-05-29T13:16:39.802533999"
    }
}